Archive member included to satisfy reference by file (symbol)

c:/st/stm32cubeide_1.3.0/stm32cubeide/plugins/com.st.stm32cube.ide.mcu.externaltools.gnu-tools-for-stm32.7-2018-q2-update.win32_1.0.0.201904181610/tools/bin/../lib/gcc/arm-none-eabi/7.3.1/../../../../arm-none-eabi/lib/thumb/v7-m\libc_nano.a(lib_a-errno.o)
                              Core/Src/syscalls.o (__errno)
c:/st/stm32cubeide_1.3.0/stm32cubeide/plugins/com.st.stm32cube.ide.mcu.externaltools.gnu-tools-for-stm32.7-2018-q2-update.win32_1.0.0.201904181610/tools/bin/../lib/gcc/arm-none-eabi/7.3.1/../../../../arm-none-eabi/lib/thumb/v7-m\libc_nano.a(lib_a-exit.o)
                              c:/st/stm32cubeide_1.3.0/stm32cubeide/plugins/com.st.stm32cube.ide.mcu.externaltools.gnu-tools-for-stm32.7-2018-q2-update.win32_1.0.0.201904181610/tools/bin/../lib/gcc/arm-none-eabi/7.3.1/../../../../arm-none-eabi/lib/thumb/v7-m/crt0.o (exit)
c:/st/stm32cubeide_1.3.0/stm32cubeide/plugins/com.st.stm32cube.ide.mcu.externaltools.gnu-tools-for-stm32.7-2018-q2-update.win32_1.0.0.201904181610/tools/bin/../lib/gcc/arm-none-eabi/7.3.1/../../../../arm-none-eabi/lib/thumb/v7-m\libc_nano.a(lib_a-impure.o)
                              c:/st/stm32cubeide_1.3.0/stm32cubeide/plugins/com.st.stm32cube.ide.mcu.externaltools.gnu-tools-for-stm32.7-2018-q2-update.win32_1.0.0.201904181610/tools/bin/../lib/gcc/arm-none-eabi/7.3.1/../../../../arm-none-eabi/lib/thumb/v7-m\libc_nano.a(lib_a-exit.o) (_global_impure_ptr)
c:/st/stm32cubeide_1.3.0/stm32cubeide/plugins/com.st.stm32cube.ide.mcu.externaltools.gnu-tools-for-stm32.7-2018-q2-update.win32_1.0.0.201904181610/tools/bin/../lib/gcc/arm-none-eabi/7.3.1/../../../../arm-none-eabi/lib/thumb/v7-m\libc_nano.a(lib_a-init.o)
                              c:/st/stm32cubeide_1.3.0/stm32cubeide/plugins/com.st.stm32cube.ide.mcu.externaltools.gnu-tools-for-stm32.7-2018-q2-update.win32_1.0.0.201904181610/tools/bin/../lib/gcc/arm-none-eabi/7.3.1/../../../../arm-none-eabi/lib/thumb/v7-m/crt0.o (__libc_init_array)
c:/st/stm32cubeide_1.3.0/stm32cubeide/plugins/com.st.stm32cube.ide.mcu.externaltools.gnu-tools-for-stm32.7-2018-q2-update.win32_1.0.0.201904181610/tools/bin/../lib/gcc/arm-none-eabi/7.3.1/../../../../arm-none-eabi/lib/thumb/v7-m\libc_nano.a(lib_a-memset.o)
                              c:/st/stm32cubeide_1.3.0/stm32cubeide/plugins/com.st.stm32cube.ide.mcu.externaltools.gnu-tools-for-stm32.7-2018-q2-update.win32_1.0.0.201904181610/tools/bin/../lib/gcc/arm-none-eabi/7.3.1/../../../../arm-none-eabi/lib/thumb/v7-m/crt0.o (memset)
c:/st/stm32cubeide_1.3.0/stm32cubeide/plugins/com.st.stm32cube.ide.mcu.externaltools.gnu-tools-for-stm32.7-2018-q2-update.win32_1.0.0.201904181610/tools/bin/../lib/gcc/arm-none-eabi/7.3.1/thumb/v7-m\libgcc.a(_arm_addsubdf3.o)
                              Core/Src/VL53L0X.o (__aeabi_f2d)
c:/st/stm32cubeide_1.3.0/stm32cubeide/plugins/com.st.stm32cube.ide.mcu.externaltools.gnu-tools-for-stm32.7-2018-q2-update.win32_1.0.0.201904181610/tools/bin/../lib/gcc/arm-none-eabi/7.3.1/thumb/v7-m\libgcc.a(_arm_cmpdf2.o)
                              Core/Src/VL53L0X.o (__aeabi_dcmpgt)
c:/st/stm32cubeide_1.3.0/stm32cubeide/plugins/com.st.stm32cube.ide.mcu.externaltools.gnu-tools-for-stm32.7-2018-q2-update.win32_1.0.0.201904181610/tools/bin/../lib/gcc/arm-none-eabi/7.3.1/thumb/v7-m\libgcc.a(_arm_addsubsf3.o)
                              Core/Src/VL53L0X.o (__aeabi_ui2f)
c:/st/stm32cubeide_1.3.0/stm32cubeide/plugins/com.st.stm32cube.ide.mcu.externaltools.gnu-tools-for-stm32.7-2018-q2-update.win32_1.0.0.201904181610/tools/bin/../lib/gcc/arm-none-eabi/7.3.1/thumb/v7-m\libgcc.a(_arm_muldivsf3.o)
                              Core/Src/VL53L0X.o (__aeabi_fmul)
c:/st/stm32cubeide_1.3.0/stm32cubeide/plugins/com.st.stm32cube.ide.mcu.externaltools.gnu-tools-for-stm32.7-2018-q2-update.win32_1.0.0.201904181610/tools/bin/../lib/gcc/arm-none-eabi/7.3.1/thumb/v7-m\libgcc.a(_arm_cmpsf2.o)
                              Core/Src/VL53L0X.o (__aeabi_fcmplt)
c:/st/stm32cubeide_1.3.0/stm32cubeide/plugins/com.st.stm32cube.ide.mcu.externaltools.gnu-tools-for-stm32.7-2018-q2-update.win32_1.0.0.201904181610/tools/bin/../lib/gcc/arm-none-eabi/7.3.1/thumb/v7-m\libgcc.a(_arm_fixunssfsi.o)
                              Core/Src/VL53L0X.o (__aeabi_f2uiz)

Allocating common symbols
Common symbol       size              file

sFilterConfig       0x28              Core/Src/main.o
hi2c1               0x54              Core/Src/main.o
hcan                0x28              Core/Src/main.o
uwTick              0x4               Drivers/STM32F1xx_HAL_Driver/Src/stm32f1xx_hal.o
pFlash              0x20              Drivers/STM32F1xx_HAL_Driver/Src/stm32f1xx_hal_flash.o
vl53l0x_data        0x3               Core/Src/main.o
TxMailbox           0x4               Core/Src/main.o
pRxHeader           0x1c              Core/Src/main.o
a                   0x1               Core/Src/vl53l0x_usr.o
pHeader             0x18              Core/Src/main.o

Discarded input sections

[...]
Memory Configuration

Name             Origin             Length             Attributes
RAM              0x0000000020000000 0x0000000000005000 xrw
FLASH            0x0000000008000000 0x0000000000010000 xr
*default*        0x0000000000000000 0xffffffffffffffff

Linker script and memory map

LOAD c:/st/stm32cubeide_1.3.0/stm32cubeide/plugins/com.st.stm32cube.ide.mcu.externaltools.gnu-tools-for-stm32.7-2018-q2-update.win32_1.0.0.201904181610/tools/bin/../lib/gcc/arm-none-eabi/7.3.1/thumb/v7-m/crti.o
LOAD c:/st/stm32cubeide_1.3.0/stm32cubeide/plugins/com.st.stm32cube.ide.mcu.externaltools.gnu-tools-for-stm32.7-2018-q2-update.win32_1.0.0.201904181610/tools/bin/../lib/gcc/arm-none-eabi/7.3.1/thumb/v7-m/crtbegin.o
LOAD c:/st/stm32cubeide_1.3.0/stm32cubeide/plugins/com.st.stm32cube.ide.mcu.externaltools.gnu-tools-for-stm32.7-2018-q2-update.win32_1.0.0.201904181610/tools/bin/../lib/gcc/arm-none-eabi/7.3.1/../../../../arm-none-eabi/lib/thumb/v7-m/crt0.o
LOAD Core/Src/VL53L0X.o
LOAD Core/Src/main.o
LOAD Core/Src/stm32f1xx_hal_msp.o
LOAD Core/Src/stm32f1xx_it.o
LOAD Core/Src/syscalls.o
LOAD Core/Src/sysmem.o
LOAD Core/Src/system_stm32f1xx.o
LOAD Core/Src/vl53l0x_usr.o
LOAD Core/Startup/startup_stm32f103c8tx.o
LOAD Drivers/STM32F1xx_HAL_Driver/Src/stm32f1xx_hal.o
LOAD Drivers/STM32F1xx_HAL_Driver/Src/stm32f1xx_hal_can.o
LOAD Drivers/STM32F1xx_HAL_Driver/Src/stm32f1xx_hal_cortex.o
LOAD Drivers/STM32F1xx_HAL_Driver/Src/stm32f1xx_hal_dma.o
LOAD Drivers/STM32F1xx_HAL_Driver/Src/stm32f1xx_hal_exti.o
LOAD Drivers/STM32F1xx_HAL_Driver/Src/stm32f1xx_hal_flash.o
LOAD Drivers/STM32F1xx_HAL_Driver/Src/stm32f1xx_hal_flash_ex.o
LOAD Drivers/STM32F1xx_HAL_Driver/Src/stm32f1xx_hal_gpio.o
LOAD Drivers/STM32F1xx_HAL_Driver/Src/stm32f1xx_hal_gpio_ex.o
LOAD Drivers/STM32F1xx_HAL_Driver/Src/stm32f1xx_hal_i2c.o
LOAD Drivers/STM32F1xx_HAL_Driver/Src/stm32f1xx_hal_pwr.o
LOAD Drivers/STM32F1xx_HAL_Driver/Src/stm32f1xx_hal_rcc.o
LOAD Drivers/STM32F1xx_HAL_Driver/Src/stm32f1xx_hal_rcc_ex.o
LOAD Drivers/STM32F1xx_HAL_Driver/Src/stm32f1xx_hal_tim.o
LOAD Drivers/STM32F1xx_HAL_Driver/Src/stm32f1xx_hal_tim_ex.o
START GROUP
LOAD c:/st/stm32cubeide_1.3.0/stm32cubeide/plugins/com.st.stm32cube.ide.mcu.externaltools.gnu-tools-for-stm32.7-2018-q2-update.win32_1.0.0.201904181610/tools/bin/../lib/gcc/arm-none-eabi/7.3.1/../../../../arm-none-eabi/lib/thumb/v7-m\libc_nano.a
LOAD c:/st/stm32cubeide_1.3.0/stm32cubeide/plugins/com.st.stm32cube.ide.mcu.externaltools.gnu-tools-for-stm32.7-2018-q2-update.win32_1.0.0.201904181610/tools/bin/../lib/gcc/arm-none-eabi/7.3.1/../../../../arm-none-eabi/lib/thumb/v7-m\libm.a
END GROUP
START GROUP
LOAD c:/st/stm32cubeide_1.3.0/stm32cubeide/plugins/com.st.stm32cube.ide.mcu.externaltools.gnu-tools-for-stm32.7-2018-q2-update.win32_1.0.0.201904181610/tools/bin/../lib/gcc/arm-none-eabi/7.3.1/thumb/v7-m\libgcc.a
LOAD c:/st/stm32cubeide_1.3.0/stm32cubeide/plugins/com.st.stm32cube.ide.mcu.externaltools.gnu-tools-for-stm32.7-2018-q2-update.win32_1.0.0.201904181610/tools/bin/../lib/gcc/arm-none-eabi/7.3.1/../../../../arm-none-eabi/lib/thumb/v7-m\libc_nano.a
END GROUP
START GROUP
LOAD c:/st/stm32cubeide_1.3.0/stm32cubeide/plugins/com.st.stm32cube.ide.mcu.externaltools.gnu-tools-for-stm32.7-2018-q2-update.win32_1.0.0.201904181610/tools/bin/../lib/gcc/arm-none-eabi/7.3.1/thumb/v7-m\libgcc.a
LOAD c:/st/stm32cubeide_1.3.0/stm32cubeide/plugins/com.st.stm32cube.ide.mcu.externaltools.gnu-tools-for-stm32.7-2018-q2-update.win32_1.0.0.201904181610/tools/bin/../lib/gcc/arm-none-eabi/7.3.1/../../../../arm-none-eabi/lib/thumb/v7-m\libc_nano.a
END GROUP
LOAD c:/st/stm32cubeide_1.3.0/stm32cubeide/plugins/com.st.stm32cube.ide.mcu.externaltools.gnu-tools-for-stm32.7-2018-q2-update.win32_1.0.0.201904181610/tools/bin/../lib/gcc/arm-none-eabi/7.3.1/thumb/v7-m/crtend.o
LOAD c:/st/stm32cubeide_1.3.0/stm32cubeide/plugins/com.st.stm32cube.ide.mcu.externaltools.gnu-tools-for-stm32.7-2018-q2-update.win32_1.0.0.201904181610/tools/bin/../lib/gcc/arm-none-eabi/7.3.1/thumb/v7-m/crtn.o
                0x0000000020005000                _estack = (ORIGIN (RAM) + LENGTH (RAM))
                0x0000000000001000                _Min_Heap_Size = 0x1000
                0x0000000000001000                _Min_Stack_Size = 0x1000

.isr_vector     0x0000000008000000      0x10c
                0x0000000008000000                . = ALIGN (0x4)
 *(.isr_vector)
 .isr_vector    0x0000000008000000      0x10c Core/Startup/startup_stm32f103c8tx.o
                0x0000000008000000                g_pfnVectors
                0x000000000800010c                . = ALIGN (0x4)

.text           0x0000000008000110     0x49a0
                0x0000000008000110                . = ALIGN (0x4)
 *(.text)
 .text          0x0000000008000110       0x40 c:/st/stm32cubeide_1.3.0/stm32cubeide/plugins/com.st.stm32cube.ide.mcu.externaltools.gnu-tools-for-stm32.7-2018-q2-update.win32_1.0.0.201904181610/tools/bin/../lib/gcc/arm-none-eabi/7.3.1/thumb/v7-m/crtbegin.o
 .text          0x0000000008000150      0x378 c:/st/stm32cubeide_1.3.0/stm32cubeide/plugins/com.st.stm32cube.ide.mcu.externaltools.gnu-tools-for-stm32.7-2018-q2-update.win32_1.0.0.201904181610/tools/bin/../lib/gcc/arm-none-eabi/7.3.1/thumb/v7-m\libgcc.a(_arm_addsubdf3.o)
                0x0000000008000150                __aeabi_drsub
                0x0000000008000158                __aeabi_dsub
                0x0000000008000158                __subdf3
                0x000000000800015c                __aeabi_dadd
                0x000000000800015c                __adddf3
                0x00000000080003d4                __floatunsidf
                0x00000000080003d4                __aeabi_ui2d
                0x00000000080003f4                __floatsidf
                0x00000000080003f4                __aeabi_i2d
                0x0000000008000418                __aeabi_f2d
                0x0000000008000418                __extendsfdf2
                0x000000000800045c                __floatundidf
                0x000000000800045c                __aeabi_ul2d
                0x000000000800046c                __floatdidf
                0x000000000800046c                __aeabi_l2d
 .text          0x00000000080004c8      0x110 c:/st/stm32cubeide_1.3.0/stm32cubeide/plugins/com.st.stm32cube.ide.mcu.externaltools.gnu-tools-for-stm32.7-2018-q2-update.win32_1.0.0.201904181610/tools/bin/../lib/gcc/arm-none-eabi/7.3.1/thumb/v7-m\libgcc.a(_arm_cmpdf2.o)
                0x00000000080004c8                __gtdf2
                0x00000000080004c8                __gedf2
                0x00000000080004d0                __ltdf2
                0x00000000080004d0                __ledf2
                0x00000000080004d8                __nedf2
                0x00000000080004d8                __eqdf2
                0x00000000080004d8                __cmpdf2
                0x0000000008000554                __aeabi_cdrcmple
                0x0000000008000564                __aeabi_cdcmpeq
                0x0000000008000564                __aeabi_cdcmple
                0x0000000008000574                __aeabi_dcmpeq
                0x0000000008000588                __aeabi_dcmplt
                0x000000000800059c                __aeabi_dcmple
                0x00000000080005b0                __aeabi_dcmpge
                0x00000000080005c4                __aeabi_dcmpgt
 .text          0x00000000080005d8      0x2a0 c:/st/stm32cubeide_1.3.0/stm32cubeide/plugins/com.st.stm32cube.ide.mcu.externaltools.gnu-tools-for-stm32.7-2018-q2-update.win32_1.0.0.201904181610/tools/bin/../lib/gcc/arm-none-eabi/7.3.1/thumb/v7-m\libgcc.a(_arm_muldivsf3.o)
                0x00000000080005d8                __mulsf3
                0x00000000080005d8                __aeabi_fmul
                0x0000000008000740                __aeabi_fdiv
                0x0000000008000740                __divsf3
 .text          0x0000000008000878       0xec c:/st/stm32cubeide_1.3.0/stm32cubeide/plugins/com.st.stm32cube.ide.mcu.externaltools.gnu-tools-for-stm32.7-2018-q2-update.win32_1.0.0.201904181610/tools/bin/../lib/gcc/arm-none-eabi/7.3.1/thumb/v7-m\libgcc.a(_arm_cmpsf2.o)
                0x0000000008000878                __gesf2
                0x0000000008000878                __gtsf2
                0x0000000008000880                __lesf2
                0x0000000008000880                __ltsf2
                0x0000000008000888                __nesf2
                0x0000000008000888                __eqsf2
                0x0000000008000888                __cmpsf2
                0x00000000080008e8                __aeabi_cfrcmple
                0x00000000080008f0                __aeabi_cfcmpeq
                0x00000000080008f0                __aeabi_cfcmple
                0x0000000008000900                __aeabi_fcmpeq
                0x0000000008000914                __aeabi_fcmplt
                0x0000000008000928                __aeabi_fcmple
                0x000000000800093c                __aeabi_fcmpge
                0x0000000008000950                __aeabi_fcmpgt
 .text          0x0000000008000964       0x40 c:/st/stm32cubeide_1.3.0/stm32cubeide/plugins/com.st.stm32cube.ide.mcu.externaltools.gnu-tools-for-stm32.7-2018-q2-update.win32_1.0.0.201904181610/tools/bin/../lib/gcc/arm-none-eabi/7.3.1/thumb/v7-m\libgcc.a(_arm_fixunssfsi.o)
                0x0000000008000964                __fixunssfsi
                0x0000000008000964                __aeabi_f2uiz
 *(.text*)
 .text.VL53L0X_setAddress
                0x00000000080009a4       0x2c Core/Src/VL53L0X.o
                0x00000000080009a4                VL53L0X_setAddress
 .text.VL53L0X_init
                0x00000000080009d0      0x57c Core/Src/VL53L0X.o
                0x00000000080009d0                VL53L0X_init
 .text.VL53L0X_writeReg
                0x0000000008000f4c       0x48 Core/Src/VL53L0X.o
                0x0000000008000f4c                VL53L0X_writeReg
 .text.VL53L0X_writeReg16Bit
                0x0000000008000f94       0x54 Core/Src/VL53L0X.o
                0x0000000008000f94                VL53L0X_writeReg16Bit
 .text.VL53L0X_writeReg32Bit
                0x0000000008000fe8       0x60 Core/Src/VL53L0X.o
                0x0000000008000fe8                VL53L0X_writeReg32Bit
 .text.VL53L0X_readReg
                0x0000000008001048       0x48 Core/Src/VL53L0X.o
                0x0000000008001048                VL53L0X_readReg
 .text.VL53L0X_readReg16Bit
                0x0000000008001090       0x42 Core/Src/VL53L0X.o
                0x0000000008001090                VL53L0X_readReg16Bit
 *fill*         0x00000000080010d2        0x2 
 .text.VL53L0X_writeMulti
                0x00000000080010d4       0x68 Core/Src/VL53L0X.o
                0x00000000080010d4                VL53L0X_writeMulti
 .text.VL53L0X_readMulti
                0x000000000800113c       0x50 Core/Src/VL53L0X.o
                0x000000000800113c                VL53L0X_readMulti
 *fill*         0x000000000800118c        0x4 
 .text.VL53L0X_setSignalRateLimit
                0x0000000008001190       0x68 Core/Src/VL53L0X.o
                0x0000000008001190                VL53L0X_setSignalRateLimit
 .text.VL53L0X_setMeasurementTimingBudget
                0x00000000080011f8      0x132 Core/Src/VL53L0X.o
                0x00000000080011f8                VL53L0X_setMeasurementTimingBudget
 .text.VL53L0X_getMeasurementTimingBudget
                0x000000000800132a       0xce Core/Src/VL53L0X.o
                0x000000000800132a                VL53L0X_getMeasurementTimingBudget
 .text.VL53L0X_setVcselPulsePeriod
                0x00000000080013f8      0x2ec Core/Src/VL53L0X.o
                0x00000000080013f8                VL53L0X_setVcselPulsePeriod
 .text.VL53L0X_getVcselPulsePeriod
                0x00000000080016e4       0x4a Core/Src/VL53L0X.o
                0x00000000080016e4                VL53L0X_getVcselPulsePeriod
 .text.VL53L0X_startContinuous
                0x000000000800172e       0x9e Core/Src/VL53L0X.o
                0x000000000800172e                VL53L0X_startContinuous
 .text.VL53L0X_readRangeContinuousMillimeters
                0x00000000080017cc       0x5a Core/Src/VL53L0X.o
                0x00000000080017cc                VL53L0X_readRangeContinuousMillimeters
 .text.VL53L0X_getSpadInfo
                0x0000000008001826      0x140 Core/Src/VL53L0X.o
                0x0000000008001826                VL53L0X_getSpadInfo
 .text.VL53L0X_getSequenceStepEnables
                0x0000000008001966       0x96 Core/Src/VL53L0X.o
                0x0000000008001966                VL53L0X_getSequenceStepEnables
 .text.VL53L0X_getSequenceStepTimeouts
                0x00000000080019fc       0xd8 Core/Src/VL53L0X.o
                0x00000000080019fc                VL53L0X_getSequenceStepTimeouts
 .text.VL53L0X_decodeTimeout
                0x0000000008001ad4       0x26 Core/Src/VL53L0X.o
                0x0000000008001ad4                VL53L0X_decodeTimeout
 .text.VL53L0X_encodeTimeout
                0x0000000008001afa       0x56 Core/Src/VL53L0X.o
                0x0000000008001afa                VL53L0X_encodeTimeout
 .text.VL53L0X_timeoutMclksToMicroseconds
                0x0000000008001b50       0x50 Core/Src/VL53L0X.o
                0x0000000008001b50                VL53L0X_timeoutMclksToMicroseconds
 .text.VL53L0X_timeoutMicrosecondsToMclks
                0x0000000008001ba0       0x4c Core/Src/VL53L0X.o
                0x0000000008001ba0                VL53L0X_timeoutMicrosecondsToMclks
 .text.VL53L0X_performSingleRefCalibration
                0x0000000008001bec       0x66 Core/Src/VL53L0X.o
                0x0000000008001bec                VL53L0X_performSingleRefCalibration
 *fill*         0x0000000008001c52        0x2 
 .text.VL53L0X_startTimeout
                0x0000000008001c54       0x20 Core/Src/VL53L0X.o
                0x0000000008001c54                VL53L0X_startTimeout
 .text.VL53L0X_checkTimeoutExpired
                0x0000000008001c74       0x3c Core/Src/VL53L0X.o
                0x0000000008001c74                VL53L0X_checkTimeoutExpired
 .text.main     0x0000000008001cb0      0x1b0 Core/Src/main.o
                0x0000000008001cb0                main
 .text.SystemClock_Config
                0x0000000008001e60       0x8c Core/Src/main.o
                0x0000000008001e60                SystemClock_Config
 .text.MX_CAN_Init
                0x0000000008001eec       0x68 Core/Src/main.o
 .text.MX_I2C1_Init
                0x0000000008001f54       0x5c Core/Src/main.o
 .text.MX_GPIO_Init
                0x0000000008001fb0       0x98 Core/Src/main.o
 .text.Error_Handler
                0x0000000008002048        0xc Core/Src/main.o
                0x0000000008002048                Error_Handler
 .text.HAL_MspInit
                0x0000000008002054       0x64 Core/Src/stm32f1xx_hal_msp.o
                0x0000000008002054                HAL_MspInit
 .text.HAL_CAN_MspInit
                0x00000000080020b8       0xa8 Core/Src/stm32f1xx_hal_msp.o
                0x00000000080020b8                HAL_CAN_MspInit
 .text.HAL_I2C_MspInit
                0x0000000008002160       0x7c Core/Src/stm32f1xx_hal_msp.o
                0x0000000008002160                HAL_I2C_MspInit
 .text.NMI_Handler
                0x00000000080021dc        0xc Core/Src/stm32f1xx_it.o
                0x00000000080021dc                NMI_Handler
 .text.HardFault_Handler
                0x00000000080021e8        0x6 Core/Src/stm32f1xx_it.o
                0x00000000080021e8                HardFault_Handler
 .text.MemManage_Handler
                0x00000000080021ee        0x6 Core/Src/stm32f1xx_it.o
                0x00000000080021ee                MemManage_Handler
 .text.BusFault_Handler
                0x00000000080021f4        0x6 Core/Src/stm32f1xx_it.o
                0x00000000080021f4                BusFault_Handler
 .text.UsageFault_Handler
                0x00000000080021fa        0x6 Core/Src/stm32f1xx_it.o
                0x00000000080021fa                UsageFault_Handler
 .text.SVC_Handler
                0x0000000008002200        0xc Core/Src/stm32f1xx_it.o
                0x0000000008002200                SVC_Handler
 .text.DebugMon_Handler
                0x000000000800220c        0xc Core/Src/stm32f1xx_it.o
                0x000000000800220c                DebugMon_Handler
 .text.PendSV_Handler
                0x0000000008002218        0xc Core/Src/stm32f1xx_it.o
                0x0000000008002218                PendSV_Handler
 .text.SysTick_Handler
                0x0000000008002224       0x1c Core/Src/stm32f1xx_it.o
                0x0000000008002224                SysTick_Handler
 .text.CAN1_RX1_IRQHandler
                0x0000000008002240       0x14 Core/Src/stm32f1xx_it.o
                0x0000000008002240                CAN1_RX1_IRQHandler
 .text.SystemInit
                0x0000000008002254       0x68 Core/Src/system_stm32f1xx.o
                0x0000000008002254                SystemInit
 .text.error    0x00000000080022bc       0x20 Core/Src/vl53l0x_usr.o
                0x00000000080022bc                error
 .text.sensor_io_read
                0x00000000080022dc       0x26 Core/Src/vl53l0x_usr.o
                0x00000000080022dc                sensor_io_read
 *fill*         0x0000000008002302        0x2 
 .text.I2Cx_ReadData
                0x0000000008002304       0x68 Core/Src/vl53l0x_usr.o
 .text.ledOn    0x000000000800236c       0x18 Core/Src/vl53l0x_usr.o
                0x000000000800236c                ledOn
 .text.ledOff   0x0000000008002384       0x18 Core/Src/vl53l0x_usr.o
                0x0000000008002384                ledOff
 .text.read_id_a
                0x000000000800239c       0x28 Core/Src/vl53l0x_usr.o
                0x000000000800239c                read_id_a
 .text.read_id_b
                0x00000000080023c4       0x28 Core/Src/vl53l0x_usr.o
                0x00000000080023c4                read_id_b
 .text.sensor_ini
                0x00000000080023ec       0x48 Core/Src/vl53l0x_usr.o
                0x00000000080023ec                sensor_ini
 .text.Reset_Handler
                0x0000000008002434       0x48 Core/Startup/startup_stm32f103c8tx.o
                0x0000000008002434                Reset_Handler
 .text.Default_Handler
                0x000000000800247c        0x2 Core/Startup/startup_stm32f103c8tx.o
                0x000000000800247c                RTC_Alarm_IRQHandler
                0x000000000800247c                EXTI2_IRQHandler
                0x000000000800247c                TIM1_CC_IRQHandler
                0x000000000800247c                PVD_IRQHandler
                0x000000000800247c                EXTI3_IRQHandler
                0x000000000800247c                EXTI0_IRQHandler
                0x000000000800247c                I2C2_EV_IRQHandler
                0x000000000800247c                ADC1_2_IRQHandler
                0x000000000800247c                SPI1_IRQHandler
                0x000000000800247c                TAMPER_IRQHandler
                0x000000000800247c                DMA1_Channel4_IRQHandler
                0x000000000800247c                USART3_IRQHandler
                0x000000000800247c                RTC_IRQHandler
                0x000000000800247c                DMA1_Channel7_IRQHandler
                0x000000000800247c                TIM4_IRQHandler
                0x000000000800247c                I2C1_EV_IRQHandler
                0x000000000800247c                DMA1_Channel6_IRQHandler
                0x000000000800247c                TIM3_IRQHandler
                0x000000000800247c                RCC_IRQHandler
                0x000000000800247c                TIM1_TRG_COM_IRQHandler
                0x000000000800247c                DMA1_Channel1_IRQHandler
                0x000000000800247c                Default_Handler
                0x000000000800247c                EXTI15_10_IRQHandler
                0x000000000800247c                EXTI9_5_IRQHandler
                0x000000000800247c                SPI2_IRQHandler
                0x000000000800247c                DMA1_Channel5_IRQHandler
                0x000000000800247c                EXTI4_IRQHandler
                0x000000000800247c                USB_LP_CAN1_RX0_IRQHandler
                0x000000000800247c                USB_HP_CAN1_TX_IRQHandler
                0x000000000800247c                DMA1_Channel3_IRQHandler
                0x000000000800247c                TIM1_UP_IRQHandler
                0x000000000800247c                WWDG_IRQHandler
                0x000000000800247c                TIM2_IRQHandler
                0x000000000800247c                TIM1_BRK_IRQHandler
                0x000000000800247c                EXTI1_IRQHandler
                0x000000000800247c                USART2_IRQHandler
                0x000000000800247c                I2C2_ER_IRQHandler
                0x000000000800247c                DMA1_Channel2_IRQHandler
                0x000000000800247c                CAN1_SCE_IRQHandler
                0x000000000800247c                FLASH_IRQHandler
                0x000000000800247c                USART1_IRQHandler
                0x000000000800247c                I2C1_ER_IRQHandler
                0x000000000800247c                USBWakeUp_IRQHandler
 *fill*         0x000000000800247e        0x2 
 .text.HAL_Init
                0x0000000008002480       0x2c Drivers/STM32F1xx_HAL_Driver/Src/stm32f1xx_hal.o
                0x0000000008002480                HAL_Init
 .text.HAL_InitTick
                0x00000000080024ac       0x60 Drivers/STM32F1xx_HAL_Driver/Src/stm32f1xx_hal.o
                0x00000000080024ac                HAL_InitTick
 .text.HAL_IncTick
                0x000000000800250c       0x24 Drivers/STM32F1xx_HAL_Driver/Src/stm32f1xx_hal.o
                0x000000000800250c                HAL_IncTick
 .text.HAL_GetTick
                0x0000000008002530       0x14 Drivers/STM32F1xx_HAL_Driver/Src/stm32f1xx_hal.o
                0x0000000008002530                HAL_GetTick
 .text.HAL_Delay
                0x0000000008002544       0x44 Drivers/STM32F1xx_HAL_Driver/Src/stm32f1xx_hal.o
                0x0000000008002544                HAL_Delay
 .text.HAL_CAN_Init
                0x0000000008002588      0x1f6 Drivers/STM32F1xx_HAL_Driver/Src/stm32f1xx_hal_can.o
                0x0000000008002588                HAL_CAN_Init
 .text.HAL_CAN_ConfigFilter
                0x000000000800277e      0x192 Drivers/STM32F1xx_HAL_Driver/Src/stm32f1xx_hal_can.o
                0x000000000800277e                HAL_CAN_ConfigFilter
 .text.HAL_CAN_Start
                0x0000000008002910       0x88 Drivers/STM32F1xx_HAL_Driver/Src/stm32f1xx_hal_can.o
                0x0000000008002910                HAL_CAN_Start
 .text.HAL_CAN_ActivateNotification
                0x0000000008002998       0x4a Drivers/STM32F1xx_HAL_Driver/Src/stm32f1xx_hal_can.o
                0x0000000008002998                HAL_CAN_ActivateNotification
 .text.HAL_CAN_IRQHandler
                0x00000000080029e2      0x362 Drivers/STM32F1xx_HAL_Driver/Src/stm32f1xx_hal_can.o
                0x00000000080029e2                HAL_CAN_IRQHandler
 .text.HAL_CAN_TxMailbox0CompleteCallback
                0x0000000008002d44       0x12 Drivers/STM32F1xx_HAL_Driver/Src/stm32f1xx_hal_can.o
                0x0000000008002d44                HAL_CAN_TxMailbox0CompleteCallback
 .text.HAL_CAN_TxMailbox1CompleteCallback
                0x0000000008002d56       0x12 Drivers/STM32F1xx_HAL_Driver/Src/stm32f1xx_hal_can.o
                0x0000000008002d56                HAL_CAN_TxMailbox1CompleteCallback
 .text.HAL_CAN_TxMailbox2CompleteCallback
                0x0000000008002d68       0x12 Drivers/STM32F1xx_HAL_Driver/Src/stm32f1xx_hal_can.o
                0x0000000008002d68                HAL_CAN_TxMailbox2CompleteCallback
 .text.HAL_CAN_TxMailbox0AbortCallback
                0x0000000008002d7a       0x12 Drivers/STM32F1xx_HAL_Driver/Src/stm32f1xx_hal_can.o
                0x0000000008002d7a                HAL_CAN_TxMailbox0AbortCallback
 .text.HAL_CAN_TxMailbox1AbortCallback
                0x0000000008002d8c       0x12 Drivers/STM32F1xx_HAL_Driver/Src/stm32f1xx_hal_can.o
                0x0000000008002d8c                HAL_CAN_TxMailbox1AbortCallback
 .text.HAL_CAN_TxMailbox2AbortCallback
                0x0000000008002d9e       0x12 Drivers/STM32F1xx_HAL_Driver/Src/stm32f1xx_hal_can.o
                0x0000000008002d9e                HAL_CAN_TxMailbox2AbortCallback
 .text.HAL_CAN_RxFifo0MsgPendingCallback
                0x0000000008002db0       0x12 Drivers/STM32F1xx_HAL_Driver/Src/stm32f1xx_hal_can.o
                0x0000000008002db0                HAL_CAN_RxFifo0MsgPendingCallback
 .text.HAL_CAN_RxFifo0FullCallback
                0x0000000008002dc2       0x12 Drivers/STM32F1xx_HAL_Driver/Src/stm32f1xx_hal_can.o
                0x0000000008002dc2                HAL_CAN_RxFifo0FullCallback
 .text.HAL_CAN_RxFifo1MsgPendingCallback
                0x0000000008002dd4       0x12 Drivers/STM32F1xx_HAL_Driver/Src/stm32f1xx_hal_can.o
                0x0000000008002dd4                HAL_CAN_RxFifo1MsgPendingCallback
 .text.HAL_CAN_RxFifo1FullCallback
                0x0000000008002de6       0x12 Drivers/STM32F1xx_HAL_Driver/Src/stm32f1xx_hal_can.o
                0x0000000008002de6                HAL_CAN_RxFifo1FullCallback
 .text.HAL_CAN_SleepCallback
                0x0000000008002df8       0x12 Drivers/STM32F1xx_HAL_Driver/Src/stm32f1xx_hal_can.o
                0x0000000008002df8                HAL_CAN_SleepCallback
 .text.HAL_CAN_WakeUpFromRxMsgCallback
                0x0000000008002e0a       0x12 Drivers/STM32F1xx_HAL_Driver/Src/stm32f1xx_hal_can.o
                0x0000000008002e0a                HAL_CAN_WakeUpFromRxMsgCallback
 .text.HAL_CAN_ErrorCallback
                0x0000000008002e1c       0x12 Drivers/STM32F1xx_HAL_Driver/Src/stm32f1xx_hal_can.o
                0x0000000008002e1c                HAL_CAN_ErrorCallback
 *fill*         0x0000000008002e2e        0x2 
 .text.__NVIC_SetPriorityGrouping
                0x0000000008002e30       0x48 Drivers/STM32F1xx_HAL_Driver/Src/stm32f1xx_hal_cortex.o
 .text.__NVIC_GetPriorityGrouping
                0x0000000008002e78       0x1c Drivers/STM32F1xx_HAL_Driver/Src/stm32f1xx_hal_cortex.o
 .text.__NVIC_EnableIRQ
                0x0000000008002e94       0x38 Drivers/STM32F1xx_HAL_Driver/Src/stm32f1xx_hal_cortex.o
 .text.__NVIC_SetPriority
                0x0000000008002ecc       0x54 Drivers/STM32F1xx_HAL_Driver/Src/stm32f1xx_hal_cortex.o
 .text.NVIC_EncodePriority
                0x0000000008002f20       0x64 Drivers/STM32F1xx_HAL_Driver/Src/stm32f1xx_hal_cortex.o
 .text.SysTick_Config
                0x0000000008002f84       0x44 Drivers/STM32F1xx_HAL_Driver/Src/stm32f1xx_hal_cortex.o
 .text.HAL_NVIC_SetPriorityGrouping
                0x0000000008002fc8       0x16 Drivers/STM32F1xx_HAL_Driver/Src/stm32f1xx_hal_cortex.o
                0x0000000008002fc8                HAL_NVIC_SetPriorityGrouping
 .text.HAL_NVIC_SetPriority
                0x0000000008002fde       0x38 Drivers/STM32F1xx_HAL_Driver/Src/stm32f1xx_hal_cortex.o
                0x0000000008002fde                HAL_NVIC_SetPriority
 .text.HAL_NVIC_EnableIRQ
                0x0000000008003016       0x1c Drivers/STM32F1xx_HAL_Driver/Src/stm32f1xx_hal_cortex.o
                0x0000000008003016                HAL_NVIC_EnableIRQ
 .text.HAL_SYSTICK_Config
                0x0000000008003032       0x18 Drivers/STM32F1xx_HAL_Driver/Src/stm32f1xx_hal_cortex.o
                0x0000000008003032                HAL_SYSTICK_Config
 *fill*         0x000000000800304a        0x2 
 .text.HAL_GPIO_Init
                0x000000000800304c      0x2b4 Drivers/STM32F1xx_HAL_Driver/Src/stm32f1xx_hal_gpio.o
                0x000000000800304c                HAL_GPIO_Init
 .text.HAL_GPIO_WritePin
                0x0000000008003300       0x30 Drivers/STM32F1xx_HAL_Driver/Src/stm32f1xx_hal_gpio.o
                0x0000000008003300                HAL_GPIO_WritePin
 .text.HAL_I2C_Init
                0x0000000008003330      0x250 Drivers/STM32F1xx_HAL_Driver/Src/stm32f1xx_hal_i2c.o
                0x0000000008003330                HAL_I2C_Init
 .text.HAL_I2C_Master_Transmit
                0x0000000008003580      0x1fc Drivers/STM32F1xx_HAL_Driver/Src/stm32f1xx_hal_i2c.o
                0x0000000008003580                HAL_I2C_Master_Transmit
 .text.HAL_I2C_Mem_Read
                0x000000000800377c      0x46c Drivers/STM32F1xx_HAL_Driver/Src/stm32f1xx_hal_i2c.o
                0x000000000800377c                HAL_I2C_Mem_Read
 .text.I2C_MasterRequestWrite
                0x0000000008003be8       0xec Drivers/STM32F1xx_HAL_Driver/Src/stm32f1xx_hal_i2c.o
 .text.I2C_RequestMemoryRead
                0x0000000008003cd4      0x1a0 Drivers/STM32F1xx_HAL_Driver/Src/stm32f1xx_hal_i2c.o
 .text.I2C_WaitOnFlagUntilTimeout
                0x0000000008003e74       0xae Drivers/STM32F1xx_HAL_Driver/Src/stm32f1xx_hal_i2c.o
 .text.I2C_WaitOnMasterAddressFlagUntilTimeout
                0x0000000008003f22       0xfe Drivers/STM32F1xx_HAL_Driver/Src/stm32f1xx_hal_i2c.o
 .text.I2C_WaitOnTXEFlagUntilTimeout
                0x0000000008004020       0x82 Drivers/STM32F1xx_HAL_Driver/Src/stm32f1xx_hal_i2c.o
 .text.I2C_WaitOnBTFFlagUntilTimeout
                0x00000000080040a2       0x82 Drivers/STM32F1xx_HAL_Driver/Src/stm32f1xx_hal_i2c.o
 .text.I2C_WaitOnRXNEFlagUntilTimeout
                0x0000000008004124       0xac Drivers/STM32F1xx_HAL_Driver/Src/stm32f1xx_hal_i2c.o
 .text.I2C_IsAcknowledgeFailed
                0x00000000080041d0       0x5c Drivers/STM32F1xx_HAL_Driver/Src/stm32f1xx_hal_i2c.o
 .text.HAL_RCC_OscConfig
                0x000000000800422c      0x500 Drivers/STM32F1xx_HAL_Driver/Src/stm32f1xx_hal_rcc.o
                0x000000000800422c                HAL_RCC_OscConfig
 .text.HAL_RCC_ClockConfig
                0x000000000800472c      0x1d4 Drivers/STM32F1xx_HAL_Driver/Src/stm32f1xx_hal_rcc.o
                0x000000000800472c                HAL_RCC_ClockConfig
 .text.HAL_RCC_GetSysClockFreq
                0x0000000008004900       0xc8 Drivers/STM32F1xx_HAL_Driver/Src/stm32f1xx_hal_rcc.o
                0x0000000008004900                HAL_RCC_GetSysClockFreq
 .text.HAL_RCC_GetHCLKFreq
                0x00000000080049c8       0x14 Drivers/STM32F1xx_HAL_Driver/Src/stm32f1xx_hal_rcc.o
                0x00000000080049c8                HAL_RCC_GetHCLKFreq
 .text.HAL_RCC_GetPCLK1Freq
                0x00000000080049dc       0x28 Drivers/STM32F1xx_HAL_Driver/Src/stm32f1xx_hal_rcc.o
                0x00000000080049dc                HAL_RCC_GetPCLK1Freq
 .text.RCC_Delay
                0x0000000008004a04       0x3c Drivers/STM32F1xx_HAL_Driver/Src/stm32f1xx_hal_rcc.o
 .text.__libc_init_array
                0x0000000008004a40       0x48 c:/st/stm32cubeide_1.3.0/stm32cubeide/plugins/com.st.stm32cube.ide.mcu.externaltools.gnu-tools-for-stm32.7-2018-q2-update.win32_1.0.0.201904181610/tools/bin/../lib/gcc/arm-none-eabi/7.3.1/../../../../arm-none-eabi/lib/thumb/v7-m\libc_nano.a(lib_a-init.o)
                0x0000000008004a40                __libc_init_array
 .text.memset   0x0000000008004a88       0x10 c:/st/stm32cubeide_1.3.0/stm32cubeide/plugins/com.st.stm32cube.ide.mcu.externaltools.gnu-tools-for-stm32.7-2018-q2-update.win32_1.0.0.201904181610/tools/bin/../lib/gcc/arm-none-eabi/7.3.1/../../../../arm-none-eabi/lib/thumb/v7-m\libc_nano.a(lib_a-memset.o)
                0x0000000008004a88                memset
 *(.glue_7)
 .glue_7        0x0000000008004a98        0x0 linker stubs
 *(.glue_7t)
 .glue_7t       0x0000000008004a98        0x0 linker stubs
 *(.eh_frame)
 .eh_frame      0x0000000008004a98        0x0 c:/st/stm32cubeide_1.3.0/stm32cubeide/plugins/com.st.stm32cube.ide.mcu.externaltools.gnu-tools-for-stm32.7-2018-q2-update.win32_1.0.0.201904181610/tools/bin/../lib/gcc/arm-none-eabi/7.3.1/thumb/v7-m/crtbegin.o
 *(.init)
 .init          0x0000000008004a98        0x4 c:/st/stm32cubeide_1.3.0/stm32cubeide/plugins/com.st.stm32cube.ide.mcu.externaltools.gnu-tools-for-stm32.7-2018-q2-update.win32_1.0.0.201904181610/tools/bin/../lib/gcc/arm-none-eabi/7.3.1/thumb/v7-m/crti.o
                0x0000000008004a98                _init
 .init          0x0000000008004a9c        0x8 c:/st/stm32cubeide_1.3.0/stm32cubeide/plugins/com.st.stm32cube.ide.mcu.externaltools.gnu-tools-for-stm32.7-2018-q2-update.win32_1.0.0.201904181610/tools/bin/../lib/gcc/arm-none-eabi/7.3.1/thumb/v7-m/crtn.o
 *(.fini)
 .fini          0x0000000008004aa4        0x4 c:/st/stm32cubeide_1.3.0/stm32cubeide/plugins/com.st.stm32cube.ide.mcu.externaltools.gnu-tools-for-stm32.7-2018-q2-update.win32_1.0.0.201904181610/tools/bin/../lib/gcc/arm-none-eabi/7.3.1/thumb/v7-m/crti.o
                0x0000000008004aa4                _fini
 .fini          0x0000000008004aa8        0x8 c:/st/stm32cubeide_1.3.0/stm32cubeide/plugins/com.st.stm32cube.ide.mcu.externaltools.gnu-tools-for-stm32.7-2018-q2-update.win32_1.0.0.201904181610/tools/bin/../lib/gcc/arm-none-eabi/7.3.1/thumb/v7-m/crtn.o
                0x0000000008004ab0                . = ALIGN (0x4)
                0x0000000008004ab0                _etext = .

.vfp11_veneer   0x0000000008004ab0        0x0
 .vfp11_veneer  0x0000000008004ab0        0x0 linker stubs

.v4_bx          0x0000000008004ab0        0x0
 .v4_bx         0x0000000008004ab0        0x0 linker stubs

.iplt           0x0000000008004ab0        0x0
 .iplt          0x0000000008004ab0        0x0 c:/st/stm32cubeide_1.3.0/stm32cubeide/plugins/com.st.stm32cube.ide.mcu.externaltools.gnu-tools-for-stm32.7-2018-q2-update.win32_1.0.0.201904181610/tools/bin/../lib/gcc/arm-none-eabi/7.3.1/thumb/v7-m/crtbegin.o

.rodata         0x0000000008004ab0       0x2c
                0x0000000008004ab0                . = ALIGN (0x4)
 *(.rodata)
 .rodata        0x0000000008004ab0       0x12 Drivers/STM32F1xx_HAL_Driver/Src/stm32f1xx_hal_rcc.o
 *(.rodata*)
 *fill*         0x0000000008004ac2        0x2 
 .rodata.AHBPrescTable
                0x0000000008004ac4       0x10 Core/Src/system_stm32f1xx.o
                0x0000000008004ac4                AHBPrescTable
 .rodata.APBPrescTable
                0x0000000008004ad4        0x8 Core/Src/system_stm32f1xx.o
                0x0000000008004ad4                APBPrescTable
                0x0000000008004adc                . = ALIGN (0x4)

.rel.dyn        0x0000000008004adc        0x0
 .rel.iplt      0x0000000008004adc        0x0 c:/st/stm32cubeide_1.3.0/stm32cubeide/plugins/com.st.stm32cube.ide.mcu.externaltools.gnu-tools-for-stm32.7-2018-q2-update.win32_1.0.0.201904181610/tools/bin/../lib/gcc/arm-none-eabi/7.3.1/thumb/v7-m/crtbegin.o

.ARM.extab      0x0000000008004adc        0x0
                0x0000000008004adc                . = ALIGN (0x4)
 *(.ARM.extab* .gnu.linkonce.armextab.*)
                0x0000000008004adc                . = ALIGN (0x4)

.ARM            0x0000000008004adc        0x0
                0x0000000008004adc                . = ALIGN (0x4)
                0x0000000008004adc                __exidx_start = .
 *(.ARM.exidx*)
                0x0000000008004adc                __exidx_end = .
                0x0000000008004adc                . = ALIGN (0x4)

.preinit_array  0x0000000008004adc        0x0
                0x0000000008004adc                . = ALIGN (0x4)
                0x0000000008004adc                PROVIDE (__preinit_array_start = .)
 *(.preinit_array*)
                0x0000000008004adc                PROVIDE (__preinit_array_end = .)
                0x0000000008004adc                . = ALIGN (0x4)

.init_array     0x0000000008004adc        0x4
                0x0000000008004adc                . = ALIGN (0x4)
                0x0000000008004adc                PROVIDE (__init_array_start = .)
 *(SORT_BY_NAME(.init_array.*))
 *(.init_array*)
 .init_array    0x0000000008004adc        0x4 c:/st/stm32cubeide_1.3.0/stm32cubeide/plugins/com.st.stm32cube.ide.mcu.externaltools.gnu-tools-for-stm32.7-2018-q2-update.win32_1.0.0.201904181610/tools/bin/../lib/gcc/arm-none-eabi/7.3.1/thumb/v7-m/crtbegin.o
                0x0000000008004ae0                PROVIDE (__init_array_end = .)
                0x0000000008004ae0                . = ALIGN (0x4)

.fini_array     0x0000000008004ae0        0x4
                0x0000000008004ae0                . = ALIGN (0x4)
                [!provide]                        PROVIDE (__fini_array_start = .)
 *(SORT_BY_NAME(.fini_array.*))
 *(.fini_array*)
 .fini_array    0x0000000008004ae0        0x4 c:/st/stm32cubeide_1.3.0/stm32cubeide/plugins/com.st.stm32cube.ide.mcu.externaltools.gnu-tools-for-stm32.7-2018-q2-update.win32_1.0.0.201904181610/tools/bin/../lib/gcc/arm-none-eabi/7.3.1/thumb/v7-m/crtbegin.o
                [!provide]                        PROVIDE (__fini_array_end = .)
                0x0000000008004ae4                . = ALIGN (0x4)
                0x0000000008004ae4                _sidata = LOADADDR (.data)

.data           0x0000000020000000       0x54 load address 0x0000000008004ae4
                0x0000000020000000                . = ALIGN (0x4)
                0x0000000020000000                _sdata = .
 *(.data)
 *(.data*)
 .data.myTOFsensor1
                0x0000000020000000       0x18 Core/Src/main.o
                0x0000000020000000                myTOFsensor1
 .data.myTOFsensor2
                0x0000000020000018       0x18 Core/Src/main.o
                0x0000000020000018                myTOFsensor2
 .data.myTOFsensor3
                0x0000000020000030       0x18 Core/Src/main.o
                0x0000000020000030                myTOFsensor3
 .data.SystemCoreClock
                0x0000000020000048        0x4 Core/Src/system_stm32f1xx.o
                0x0000000020000048                SystemCoreClock
 .data.uwTickPrio
                0x000000002000004c        0x4 Drivers/STM32F1xx_HAL_Driver/Src/stm32f1xx_hal.o
                0x000000002000004c                uwTickPrio
 .data.uwTickFreq
                0x0000000020000050        0x1 Drivers/STM32F1xx_HAL_Driver/Src/stm32f1xx_hal.o
                0x0000000020000050                uwTickFreq
                0x0000000020000054                . = ALIGN (0x4)
 *fill*         0x0000000020000051        0x3 
                0x0000000020000054                _edata = .

.igot.plt       0x0000000020000054        0x0 load address 0x0000000008004b38
 .igot.plt      0x0000000020000054        0x0 c:/st/stm32cubeide_1.3.0/stm32cubeide/plugins/com.st.stm32cube.ide.mcu.externaltools.gnu-tools-for-stm32.7-2018-q2-update.win32_1.0.0.201904181610/tools/bin/../lib/gcc/arm-none-eabi/7.3.1/thumb/v7-m/crtbegin.o
                0x0000000020000054                . = ALIGN (0x4)

.bss            0x0000000020000054      0x110 load address 0x0000000008004b38
                0x0000000020000054                _sbss = .
                0x0000000020000054                __bss_start__ = _sbss
 *(.bss)
 .bss           0x0000000020000054       0x1c c:/st/stm32cubeide_1.3.0/stm32cubeide/plugins/com.st.stm32cube.ide.mcu.externaltools.gnu-tools-for-stm32.7-2018-q2-update.win32_1.0.0.201904181610/tools/bin/../lib/gcc/arm-none-eabi/7.3.1/thumb/v7-m/crtbegin.o
 *(.bss*)
 .bss.aa        0x0000000020000070        0x1 Core/Src/main.o
                0x0000000020000070                aa
 .bss.ctrl_a    0x0000000020000071        0x1 Core/Src/main.o
                0x0000000020000071                ctrl_a
 .bss.ctrl_b    0x0000000020000072        0x1 Core/Src/main.o
                0x0000000020000072                ctrl_b
 .bss.measureValueToSm1
                0x0000000020000073        0x1 Core/Src/main.o
                0x0000000020000073                measureValueToSm1
 .bss.sysTick_Time
                0x0000000020000074        0x4 Core/Src/main.o
                0x0000000020000074                sysTick_Time
 .bss.b         0x0000000020000078        0x1 Core/Src/vl53l0x_usr.o
                0x0000000020000078                b
 .bss.value     0x0000000020000079        0x1 Core/Src/vl53l0x_usr.o
                0x0000000020000079                value
 *(COMMON)
 *fill*         0x000000002000007a        0x2 
 COMMON         0x000000002000007c       0xe0 Core/Src/main.o
                0x000000002000007c                sFilterConfig
                0x00000000200000a4                hi2c1
                0x00000000200000f8                hcan
                0x0000000020000120                vl53l0x_data
                0x0000000020000124                TxMailbox
                0x0000000020000128                pRxHeader
                0x0000000020000144                pHeader
 COMMON         0x000000002000015c        0x1 Core/Src/vl53l0x_usr.o
                0x000000002000015c                a
 *fill*         0x000000002000015d        0x3 
 COMMON         0x0000000020000160        0x4 Drivers/STM32F1xx_HAL_Driver/Src/stm32f1xx_hal.o
                0x0000000020000160                uwTick
                0x0000000020000164                . = ALIGN (0x4)
                0x0000000020000164                _ebss = .
                0x0000000020000164                __bss_end__ = _ebss

._user_heap_stack
                0x0000000020000164     0x2004 load address 0x0000000008004b38
                0x0000000020000168                . = ALIGN (0x8)
 *fill*         0x0000000020000164        0x4 
                0x0000000020000168                PROVIDE (end = .)
                [!provide]                        PROVIDE (_end = .)
                0x0000000020001168                . = (. + _Min_Heap_Size)
 *fill*         0x0000000020000168     0x1000 
                0x0000000020002168                . = (. + _Min_Stack_Size)
 *fill*         0x0000000020001168     0x1000 
                0x0000000020002168                . = ALIGN (0x8)

/DISCARD/
 libc.a(*)
 libm.a(*)
 libgcc.a(*)

.ARM.attributes
                0x0000000000000000       0x29
 *(.ARM.attributes)
 .ARM.attributes
                0x0000000000000000       0x1d c:/st/stm32cubeide_1.3.0/stm32cubeide/plugins/com.st.stm32cube.ide.mcu.externaltools.gnu-tools-for-stm32.7-2018-q2-update.win32_1.0.0.201904181610/tools/bin/../lib/gcc/arm-none-eabi/7.3.1/thumb/v7-m/crti.o
 .ARM.attributes
                0x000000000000001d       0x2d c:/st/stm32cubeide_1.3.0/stm32cubeide/plugins/com.st.stm32cube.ide.mcu.externaltools.gnu-tools-for-stm32.7-2018-q2-update.win32_1.0.0.201904181610/tools/bin/../lib/gcc/arm-none-eabi/7.3.1/thumb/v7-m/crtbegin.o
 .ARM.attributes
                0x000000000000004a       0x33 Core/Src/VL53L0X.o
 .ARM.attributes
                0x000000000000007d       0x33 Core/Src/main.o
 .ARM.attributes
                0x00000000000000b0       0x33 Core/Src/stm32f1xx_hal_msp.o
 .ARM.attributes
                0x00000000000000e3       0x33 Core/Src/stm32f1xx_it.o
 .ARM.attributes
                0x0000000000000116       0x33 Core/Src/system_stm32f1xx.o
 .ARM.attributes
                0x0000000000000149       0x33 Core/Src/vl53l0x_usr.o
 .ARM.attributes
                0x000000000000017c       0x21 Core/Startup/startup_stm32f103c8tx.o
 .ARM.attributes
                0x000000000000019d       0x33 Drivers/STM32F1xx_HAL_Driver/Src/stm32f1xx_hal.o
 .ARM.attributes
                0x00000000000001d0       0x33 Drivers/STM32F1xx_HAL_Driver/Src/stm32f1xx_hal_can.o
 .ARM.attributes
                0x0000000000000203       0x33 Drivers/STM32F1xx_HAL_Driver/Src/stm32f1xx_hal_cortex.o
 .ARM.attributes
                0x0000000000000236       0x33 Drivers/STM32F1xx_HAL_Driver/Src/stm32f1xx_hal_gpio.o
 .ARM.attributes
                0x0000000000000269       0x33 Drivers/STM32F1xx_HAL_Driver/Src/stm32f1xx_hal_i2c.o
 .ARM.attributes
                0x000000000000029c       0x33 Drivers/STM32F1xx_HAL_Driver/Src/stm32f1xx_hal_rcc.o
 .ARM.attributes
                0x00000000000002cf       0x2d c:/st/stm32cubeide_1.3.0/stm32cubeide/plugins/com.st.stm32cube.ide.mcu.externaltools.gnu-tools-for-stm32.7-2018-q2-update.win32_1.0.0.201904181610/tools/bin/../lib/gcc/arm-none-eabi/7.3.1/../../../../arm-none-eabi/lib/thumb/v7-m\libc_nano.a(lib_a-init.o)
 .ARM.attributes
                0x00000000000002fc       0x2d c:/st/stm32cubeide_1.3.0/stm32cubeide/plugins/com.st.stm32cube.ide.mcu.externaltools.gnu-tools-for-stm32.7-2018-q2-update.win32_1.0.0.201904181610/tools/bin/../lib/gcc/arm-none-eabi/7.3.1/../../../../arm-none-eabi/lib/thumb/v7-m\libc_nano.a(lib_a-memset.o)
 .ARM.attributes
                0x0000000000000329       0x1d c:/st/stm32cubeide_1.3.0/stm32cubeide/plugins/com.st.stm32cube.ide.mcu.externaltools.gnu-tools-for-stm32.7-2018-q2-update.win32_1.0.0.201904181610/tools/bin/../lib/gcc/arm-none-eabi/7.3.1/thumb/v7-m\libgcc.a(_arm_addsubdf3.o)
 .ARM.attributes
                0x0000000000000346       0x1d c:/st/stm32cubeide_1.3.0/stm32cubeide/plugins/com.st.stm32cube.ide.mcu.externaltools.gnu-tools-for-stm32.7-2018-q2-update.win32_1.0.0.201904181610/tools/bin/../lib/gcc/arm-none-eabi/7.3.1/thumb/v7-m\libgcc.a(_arm_cmpdf2.o)
 .ARM.attributes
                0x0000000000000363       0x1d c:/st/stm32cubeide_1.3.0/stm32cubeide/plugins/com.st.stm32cube.ide.mcu.externaltools.gnu-tools-for-stm32.7-2018-q2-update.win32_1.0.0.201904181610/tools/bin/../lib/gcc/arm-none-eabi/7.3.1/thumb/v7-m\libgcc.a(_arm_muldivsf3.o)
 .ARM.attributes
                0x0000000000000380       0x1d c:/st/stm32cubeide_1.3.0/stm32cubeide/plugins/com.st.stm32cube.ide.mcu.externaltools.gnu-tools-for-stm32.7-2018-q2-update.win32_1.0.0.201904181610/tools/bin/../lib/gcc/arm-none-eabi/7.3.1/thumb/v7-m\libgcc.a(_arm_cmpsf2.o)
 .ARM.attributes
                0x000000000000039d       0x1d c:/st/stm32cubeide_1.3.0/stm32cubeide/plugins/com.st.stm32cube.ide.mcu.externaltools.gnu-tools-for-stm32.7-2018-q2-update.win32_1.0.0.201904181610/tools/bin/../lib/gcc/arm-none-eabi/7.3.1/thumb/v7-m\libgcc.a(_arm_fixunssfsi.o)
 .ARM.attributes
                0x00000000000003ba       0x1d c:/st/stm32cubeide_1.3.0/stm32cubeide/plugins/com.st.stm32cube.ide.mcu.externaltools.gnu-tools-for-stm32.7-2018-q2-update.win32_1.0.0.201904181610/tools/bin/../lib/gcc/arm-none-eabi/7.3.1/thumb/v7-m/crtn.o
OUTPUT(stm32f103-vl53l0x-driver.elf elf32-littlearm)

.debug_info     0x0000000000000000     0x9a20
 .debug_info    0x0000000000000000     0x13a7 Core/Src/VL53L0X.o
 .debug_info    0x00000000000013a7     0x10ba Core/Src/main.o
 .debug_info    0x0000000000002461      0xe21 Core/Src/stm32f1xx_hal_msp.o
 .debug_info    0x0000000000003282      0x5b7 Core/Src/stm32f1xx_it.o
 .debug_info    0x0000000000003839      0x433 Core/Src/system_stm32f1xx.o
 .debug_info    0x0000000000003c6c      0x8e0 Core/Src/vl53l0x_usr.o
 .debug_info    0x000000000000454c       0x22 Core/Startup/startup_stm32f103c8tx.o
 .debug_info    0x000000000000456e      0x6fe Drivers/STM32F1xx_HAL_Driver/Src/stm32f1xx_hal.o
 .debug_info    0x0000000000004c6c      0xf92 Drivers/STM32F1xx_HAL_Driver/Src/stm32f1xx_hal_can.o
 .debug_info    0x0000000000005bfe      0xb46 Drivers/STM32F1xx_HAL_Driver/Src/stm32f1xx_hal_cortex.o
 .debug_info    0x0000000000006744      0x681 Drivers/STM32F1xx_HAL_Driver/Src/stm32f1xx_hal_gpio.o
 .debug_info    0x0000000000006dc5     0x2457 Drivers/STM32F1xx_HAL_Driver/Src/stm32f1xx_hal_i2c.o
 .debug_info    0x000000000000921c      0x804 Drivers/STM32F1xx_HAL_Driver/Src/stm32f1xx_hal_rcc.o

.debug_abbrev   0x0000000000000000     0x1825
 .debug_abbrev  0x0000000000000000      0x267 Core/Src/VL53L0X.o
 .debug_abbrev  0x0000000000000267      0x243 Core/Src/main.o
 .debug_abbrev  0x00000000000004aa      0x1cf Core/Src/stm32f1xx_hal_msp.o
 .debug_abbrev  0x0000000000000679      0x150 Core/Src/stm32f1xx_it.o
 .debug_abbrev  0x00000000000007c9      0x134 Core/Src/system_stm32f1xx.o
 .debug_abbrev  0x00000000000008fd      0x200 Core/Src/vl53l0x_usr.o
 .debug_abbrev  0x0000000000000afd       0x12 Core/Startup/startup_stm32f103c8tx.o
 .debug_abbrev  0x0000000000000b0f      0x1d8 Drivers/STM32F1xx_HAL_Driver/Src/stm32f1xx_hal.o
 .debug_abbrev  0x0000000000000ce7      0x20e Drivers/STM32F1xx_HAL_Driver/Src/stm32f1xx_hal_can.o
 .debug_abbrev  0x0000000000000ef5      0x2d5 Drivers/STM32F1xx_HAL_Driver/Src/stm32f1xx_hal_cortex.o
 .debug_abbrev  0x00000000000011ca      0x1c0 Drivers/STM32F1xx_HAL_Driver/Src/stm32f1xx_hal_gpio.o
 .debug_abbrev  0x000000000000138a      0x258 Drivers/STM32F1xx_HAL_Driver/Src/stm32f1xx_hal_i2c.o
 .debug_abbrev  0x00000000000015e2      0x243 Drivers/STM32F1xx_HAL_Driver/Src/stm32f1xx_hal_rcc.o

.debug_aranges  0x0000000000000000      0x950
 .debug_aranges
                0x0000000000000000      0x110 Core/Src/VL53L0X.o
 .debug_aranges
                0x0000000000000110       0x48 Core/Src/main.o
 .debug_aranges
                0x0000000000000158       0x40 Core/Src/stm32f1xx_hal_msp.o
 .debug_aranges
                0x0000000000000198       0x68 Core/Src/stm32f1xx_it.o
 .debug_aranges
                0x0000000000000200       0x28 Core/Src/system_stm32f1xx.o
 .debug_aranges
                0x0000000000000228       0x70 Core/Src/vl53l0x_usr.o
 .debug_aranges
                0x0000000000000298       0x28 Core/Startup/startup_stm32f103c8tx.o
 .debug_aranges
                0x00000000000002c0       0xe0 Drivers/STM32F1xx_HAL_Driver/Src/stm32f1xx_hal.o
 .debug_aranges
                0x00000000000003a0      0x138 Drivers/STM32F1xx_HAL_Driver/Src/stm32f1xx_hal_can.o
 .debug_aranges
                0x00000000000004d8      0x100 Drivers/STM32F1xx_HAL_Driver/Src/stm32f1xx_hal_cortex.o
 .debug_aranges
                0x00000000000005d8       0x58 Drivers/STM32F1xx_HAL_Driver/Src/stm32f1xx_hal_gpio.o
 .debug_aranges
                0x0000000000000630      0x290 Drivers/STM32F1xx_HAL_Driver/Src/stm32f1xx_hal_i2c.o
 .debug_aranges
                0x00000000000008c0       0x90 Drivers/STM32F1xx_HAL_Driver/Src/stm32f1xx_hal_rcc.o

.debug_ranges   0x0000000000000000      0x8a8
 .debug_ranges  0x0000000000000000      0x100 Core/Src/VL53L0X.o
 .debug_ranges  0x0000000000000100       0x38 Core/Src/main.o
 .debug_ranges  0x0000000000000138       0x30 Core/Src/stm32f1xx_hal_msp.o
 .debug_ranges  0x0000000000000168       0x58 Core/Src/stm32f1xx_it.o
 .debug_ranges  0x00000000000001c0       0x18 Core/Src/system_stm32f1xx.o
 .debug_ranges  0x00000000000001d8       0x60 Core/Src/vl53l0x_usr.o
 .debug_ranges  0x0000000000000238       0x20 Core/Startup/startup_stm32f103c8tx.o
 .debug_ranges  0x0000000000000258       0xd0 Drivers/STM32F1xx_HAL_Driver/Src/stm32f1xx_hal.o
 .debug_ranges  0x0000000000000328      0x128 Drivers/STM32F1xx_HAL_Driver/Src/stm32f1xx_hal_can.o
 .debug_ranges  0x0000000000000450       0xf0 Drivers/STM32F1xx_HAL_Driver/Src/stm32f1xx_hal_cortex.o
 .debug_ranges  0x0000000000000540       0x48 Drivers/STM32F1xx_HAL_Driver/Src/stm32f1xx_hal_gpio.o
 .debug_ranges  0x0000000000000588      0x2a0 Drivers/STM32F1xx_HAL_Driver/Src/stm32f1xx_hal_i2c.o
 .debug_ranges  0x0000000000000828       0x80 Drivers/STM32F1xx_HAL_Driver/Src/stm32f1xx_hal_rcc.o

.debug_macro    0x0000000000000000    0x131ed
 .debug_macro   0x0000000000000000      0x1be Core/Src/VL53L0X.o
 .debug_macro   0x00000000000001be      0xa5a Core/Src/VL53L0X.o
 .debug_macro   0x0000000000000c18       0x22 Core/Src/VL53L0X.o
 .debug_macro   0x0000000000000c3a       0x2e Core/Src/VL53L0X.o
 .debug_macro   0x0000000000000c68       0x22 Core/Src/VL53L0X.o
 .debug_macro   0x0000000000000c8a       0x22 Core/Src/VL53L0X.o
 .debug_macro   0x0000000000000cac       0x8e Core/Src/VL53L0X.o
 .debug_macro   0x0000000000000d3a       0x51 Core/Src/VL53L0X.o
 .debug_macro   0x0000000000000d8b       0xef Core/Src/VL53L0X.o
 .debug_macro   0x0000000000000e7a       0x6a Core/Src/VL53L0X.o
 .debug_macro   0x0000000000000ee4      0x1df Core/Src/VL53L0X.o
 .debug_macro   0x00000000000010c3       0x1c Core/Src/VL53L0X.o
 .debug_macro   0x00000000000010df       0x22 Core/Src/VL53L0X.o
 .debug_macro   0x0000000000001101       0xc3 Core/Src/VL53L0X.o
 .debug_macro   0x00000000000011c4      0xd23 Core/Src/VL53L0X.o
 .debug_macro   0x0000000000001ee7     0xe09e Core/Src/VL53L0X.o
 .debug_macro   0x000000000000ff85       0x43 Core/Src/VL53L0X.o
 .debug_macro   0x000000000000ffc8      0x21b Core/Src/VL53L0X.o
 .debug_macro   0x00000000000101e3      0x174 Core/Src/VL53L0X.o
 .debug_macro   0x0000000000010357       0x5a Core/Src/VL53L0X.o
 .debug_macro   0x00000000000103b1      0x5be Core/Src/VL53L0X.o
 .debug_macro   0x000000000001096f      0x289 Core/Src/VL53L0X.o
 .debug_macro   0x0000000000010bf8      0x1cb Core/Src/VL53L0X.o
 .debug_macro   0x0000000000010dc3      0x114 Core/Src/VL53L0X.o
 .debug_macro   0x0000000000010ed7      0x1b2 Core/Src/VL53L0X.o
 .debug_macro   0x0000000000011089       0x27 Core/Src/VL53L0X.o
 .debug_macro   0x00000000000110b0      0x136 Core/Src/VL53L0X.o
 .debug_macro   0x00000000000111e6      0x1bc Core/Src/VL53L0X.o
 .debug_macro   0x00000000000113a2       0x34 Core/Src/VL53L0X.o
 .debug_macro   0x00000000000113d6       0x3c Core/Src/VL53L0X.o
 .debug_macro   0x0000000000011412      0x408 Core/Src/VL53L0X.o
 .debug_macro   0x000000000001181a       0x57 Core/Src/VL53L0X.o
 .debug_macro   0x0000000000011871       0x88 Core/Src/VL53L0X.o
 .debug_macro   0x00000000000118f9      0x241 Core/Src/VL53L0X.o
 .debug_macro   0x0000000000011b3a      0x280 Core/Src/VL53L0X.o
 .debug_macro   0x0000000000011dba      0x141 Core/Src/VL53L0X.o
 .debug_macro   0x0000000000011efb       0x83 Core/Src/VL53L0X.o
 .debug_macro   0x0000000000011f7e      0x1c2 Core/Src/main.o
 .debug_macro   0x0000000000012140      0x199 Core/Src/stm32f1xx_hal_msp.o
 .debug_macro   0x00000000000122d9      0x1a3 Core/Src/stm32f1xx_it.o
 .debug_macro   0x000000000001247c      0x195 Core/Src/system_stm32f1xx.o
 .debug_macro   0x0000000000012611      0x199 Core/Src/vl53l0x_usr.o
 .debug_macro   0x00000000000127aa      0x1b3 Drivers/STM32F1xx_HAL_Driver/Src/stm32f1xx_hal.o
 .debug_macro   0x000000000001295d      0x197 Drivers/STM32F1xx_HAL_Driver/Src/stm32f1xx_hal_can.o
 .debug_macro   0x0000000000012af4      0x18f Drivers/STM32F1xx_HAL_Driver/Src/stm32f1xx_hal_cortex.o
 .debug_macro   0x0000000000012c83      0x1fa Drivers/STM32F1xx_HAL_Driver/Src/stm32f1xx_hal_gpio.o
 .debug_macro   0x0000000000012e7d      0x1cf Drivers/STM32F1xx_HAL_Driver/Src/stm32f1xx_hal_i2c.o
 .debug_macro   0x000000000001304c      0x1a1 Drivers/STM32F1xx_HAL_Driver/Src/stm32f1xx_hal_rcc.o

.debug_line     0x0000000000000000     0x736e
 .debug_line    0x0000000000000000      0xa73 Core/Src/VL53L0X.o
 .debug_line    0x0000000000000a73      0x70a Core/Src/main.o
 .debug_line    0x000000000000117d      0x67d Core/Src/stm32f1xx_hal_msp.o
 .debug_line    0x00000000000017fa      0x6d2 Core/Src/stm32f1xx_it.o
 .debug_line    0x0000000000001ecc      0x64c Core/Src/system_stm32f1xx.o
 .debug_line    0x0000000000002518      0x6ec Core/Src/vl53l0x_usr.o
 .debug_line    0x0000000000002c04       0x84 Core/Startup/startup_stm32f103c8tx.o
 .debug_line    0x0000000000002c88      0x7f4 Drivers/STM32F1xx_HAL_Driver/Src/stm32f1xx_hal.o
 .debug_line    0x000000000000347c      0xac4 Drivers/STM32F1xx_HAL_Driver/Src/stm32f1xx_hal_can.o
 .debug_line    0x0000000000003f40      0x8cd Drivers/STM32F1xx_HAL_Driver/Src/stm32f1xx_hal_cortex.o
 .debug_line    0x000000000000480d      0x7f4 Drivers/STM32F1xx_HAL_Driver/Src/stm32f1xx_hal_gpio.o
 .debug_line    0x0000000000005001     0x1ab7 Drivers/STM32F1xx_HAL_Driver/Src/stm32f1xx_hal_i2c.o
 .debug_line    0x0000000000006ab8      0x8b6 Drivers/STM32F1xx_HAL_Driver/Src/stm32f1xx_hal_rcc.o

.debug_str      0x0000000000000000    0x69eaf
 .debug_str     0x0000000000000000    0x67730 Core/Src/VL53L0X.o
                                      0x67ab0 (size before relaxing)
 .debug_str     0x0000000000067730      0x64a Core/Src/main.o
                                      0x672ef (size before relaxing)
 .debug_str     0x0000000000067d7a      0x2fd Core/Src/stm32f1xx_hal_msp.o
                                      0x6717e (size before relaxing)
 .debug_str     0x0000000000068077       0xd1 Core/Src/stm32f1xx_it.o
                                      0x66a0a (size before relaxing)
 .debug_str     0x0000000000068148       0xc2 Core/Src/system_stm32f1xx.o
                                      0x66794 (size before relaxing)
 .debug_str     0x000000000006820a       0xcb Core/Src/vl53l0x_usr.o
                                      0x66c74 (size before relaxing)
 .debug_str     0x00000000000682d5       0x36 Core/Startup/startup_stm32f103c8tx.o
                                         0x80 (size before relaxing)
 .debug_str     0x000000000006830b      0x3ae Drivers/STM32F1xx_HAL_Driver/Src/stm32f1xx_hal.o
                                      0x66da5 (size before relaxing)
 .debug_str     0x00000000000686b9      0x46e Drivers/STM32F1xx_HAL_Driver/Src/stm32f1xx_hal_can.o
                                      0x66f3a (size before relaxing)
 .debug_str     0x0000000000068b27      0x2a0 Drivers/STM32F1xx_HAL_Driver/Src/stm32f1xx_hal_cortex.o
                                      0x66db3 (size before relaxing)
 .debug_str     0x0000000000068dc7      0x324 Drivers/STM32F1xx_HAL_Driver/Src/stm32f1xx_hal_gpio.o
                                      0x66ade (size before relaxing)
 .debug_str     0x00000000000690eb      0xb6c Drivers/STM32F1xx_HAL_Driver/Src/stm32f1xx_hal_i2c.o
                                      0x6770a (size before relaxing)
 .debug_str     0x0000000000069c57      0x258 Drivers/STM32F1xx_HAL_Driver/Src/stm32f1xx_hal_rcc.o
                                      0x66b17 (size before relaxing)

.comment        0x0000000000000000       0x7b
 .comment       0x0000000000000000       0x7b Core/Src/VL53L0X.o
                                         0x7c (size before relaxing)
 .comment       0x000000000000007b       0x7c Core/Src/main.o
 .comment       0x000000000000007b       0x7c Core/Src/stm32f1xx_hal_msp.o
 .comment       0x000000000000007b       0x7c Core/Src/stm32f1xx_it.o
 .comment       0x000000000000007b       0x7c Core/Src/system_stm32f1xx.o
 .comment       0x000000000000007b       0x7c Core/Src/vl53l0x_usr.o
 .comment       0x000000000000007b       0x7c Drivers/STM32F1xx_HAL_Driver/Src/stm32f1xx_hal.o
 .comment       0x000000000000007b       0x7c Drivers/STM32F1xx_HAL_Driver/Src/stm32f1xx_hal_can.o
 .comment       0x000000000000007b       0x7c Drivers/STM32F1xx_HAL_Driver/Src/stm32f1xx_hal_cortex.o
 .comment       0x000000000000007b       0x7c Drivers/STM32F1xx_HAL_Driver/Src/stm32f1xx_hal_gpio.o
 .comment       0x000000000000007b       0x7c Drivers/STM32F1xx_HAL_Driver/Src/stm32f1xx_hal_i2c.o
 .comment       0x000000000000007b       0x7c Drivers/STM32F1xx_HAL_Driver/Src/stm32f1xx_hal_rcc.o

.debug_frame    0x0000000000000000     0x2860
 .debug_frame   0x0000000000000000      0x490 Core/Src/VL53L0X.o
 .debug_frame   0x0000000000000490       0xcc Core/Src/main.o
 .debug_frame   0x000000000000055c       0xc8 Core/Src/stm32f1xx_hal_msp.o
 .debug_frame   0x0000000000000624      0x128 Core/Src/stm32f1xx_it.o
 .debug_frame   0x000000000000074c       0x58 Core/Src/system_stm32f1xx.o
 .debug_frame   0x00000000000007a4      0x170 Core/Src/vl53l0x_usr.o
 .debug_frame   0x0000000000000914      0x334 Drivers/STM32F1xx_HAL_Driver/Src/stm32f1xx_hal.o
 .debug_frame   0x0000000000000c48      0x5a0 Drivers/STM32F1xx_HAL_Driver/Src/stm32f1xx_hal_can.o
 .debug_frame   0x00000000000011e8      0x428 Drivers/STM32F1xx_HAL_Driver/Src/stm32f1xx_hal_cortex.o
 .debug_frame   0x0000000000001610      0x14c Drivers/STM32F1xx_HAL_Driver/Src/stm32f1xx_hal_gpio.o
 .debug_frame   0x000000000000175c      0xc08 Drivers/STM32F1xx_HAL_Driver/Src/stm32f1xx_hal_i2c.o
 .debug_frame   0x0000000000002364      0x21c Drivers/STM32F1xx_HAL_Driver/Src/stm32f1xx_hal_rcc.o
 .debug_frame   0x0000000000002580       0x2c c:/st/stm32cubeide_1.3.0/stm32cubeide/plugins/com.st.stm32cube.ide.mcu.externaltools.gnu-tools-for-stm32.7-2018-q2-update.win32_1.0.0.201904181610/tools/bin/../lib/gcc/arm-none-eabi/7.3.1/../../../../arm-none-eabi/lib/thumb/v7-m\libc_nano.a(lib_a-init.o)
 .debug_frame   0x00000000000025ac       0x20 c:/st/stm32cubeide_1.3.0/stm32cubeide/plugins/com.st.stm32cube.ide.mcu.externaltools.gnu-tools-for-stm32.7-2018-q2-update.win32_1.0.0.201904181610/tools/bin/../lib/gcc/arm-none-eabi/7.3.1/../../../../arm-none-eabi/lib/thumb/v7-m\libc_nano.a(lib_a-memset.o)
 .debug_frame   0x00000000000025cc       0xac c:/st/stm32cubeide_1.3.0/stm32cubeide/plugins/com.st.stm32cube.ide.mcu.externaltools.gnu-tools-for-stm32.7-2018-q2-update.win32_1.0.0.201904181610/tools/bin/../lib/gcc/arm-none-eabi/7.3.1/thumb/v7-m\libgcc.a(_arm_addsubdf3.o)
 .debug_frame   0x0000000000002678       0xc4 c:/st/stm32cubeide_1.3.0/stm32cubeide/plugins/com.st.stm32cube.ide.mcu.externaltools.gnu-tools-for-stm32.7-2018-q2-update.win32_1.0.0.201904181610/tools/bin/../lib/gcc/arm-none-eabi/7.3.1/thumb/v7-m\libgcc.a(_arm_cmpdf2.o)
 .debug_frame   0x000000000000273c       0x38 c:/st/stm32cubeide_1.3.0/stm32cubeide/plugins/com.st.stm32cube.ide.mcu.externaltools.gnu-tools-for-stm32.7-2018-q2-update.win32_1.0.0.201904181610/tools/bin/../lib/gcc/arm-none-eabi/7.3.1/thumb/v7-m\libgcc.a(_arm_muldivsf3.o)
 .debug_frame   0x0000000000002774       0xc8 c:/st/stm32cubeide_1.3.0/stm32cubeide/plugins/com.st.stm32cube.ide.mcu.externaltools.gnu-tools-for-stm32.7-2018-q2-update.win32_1.0.0.201904181610/tools/bin/../lib/gcc/arm-none-eabi/7.3.1/thumb/v7-m\libgcc.a(_arm_cmpsf2.o)
 .debug_frame   0x000000000000283c       0x24 c:/st/stm32cubeide_1.3.0/stm32cubeide/plugins/com.st.stm32cube.ide.mcu.externaltools.gnu-tools-for-stm32.7-2018-q2-update.win32_1.0.0.201904181610/tools/bin/../lib/gcc/arm-none-eabi/7.3.1/thumb/v7-m\libgcc.a(_arm_fixunssfsi.o)
