VL53L0X.c:34:6:VL53L0X_setAddress	16	static
VL53L0X.c:48:6:VL53L0X_init	32	static
VL53L0X.c:269:6:VL53L0X_writeReg	32	static
VL53L0X.c:279:6:VL53L0X_writeReg16Bit	32	static
VL53L0X.c:290:6:VL53L0X_writeReg32Bit	40	static
VL53L0X.c:303:9:VL53L0X_readReg	40	static
VL53L0X.c:314:10:VL53L0X_readReg16Bit	24	static
VL53L0X.c:329:10:VL53L0X_readReg32Bit	32	static
VL53L0X.c:349:6:VL53L0X_writeMulti	40	static
VL53L0X.c:362:6:VL53L0X_readMulti	40	static
VL53L0X.c:376:6:VL53L0X_setSignalRateLimit	16	static
VL53L0X.c:386:7:VL53L0X_getSignalRateLimit	16	static
VL53L0X.c:398:6:VL53L0X_setMeasurementTimingBudget	80	static
VL53L0X.c:484:10:VL53L0X_getMeasurementTimingBudget	64	static
VL53L0X.c:538:6:VL53L0X_setVcselPulsePeriod	56	static
VL53L0X.c:709:9:VL53L0X_getVcselPulsePeriod	16	static
VL53L0X.c:728:6:VL53L0X_startContinuous	24	static
VL53L0X.c:766:6:VL53L0X_stopContinuous	16	static
VL53L0X.c:780:10:VL53L0X_readRangeContinuousMillimeters	24	static
VL53L0X.c:804:10:VL53L0X_readRangeSingleMillimeters	16	static
VL53L0X.c:832:6:VL53L0X_timeoutOccurred	24	static
VL53L0X.c:842:6:VL53L0X_getSpadInfo	32	static
VL53L0X.c:884:6:VL53L0X_getSequenceStepEnables	24	static
VL53L0X.c:899:6:VL53L0X_getSequenceStepTimeouts	24	static
VL53L0X.c:925:10:VL53L0X_decodeTimeout	16	static
VL53L0X.c:936:10:VL53L0X_encodeTimeout	24	static
VL53L0X.c:960:10:VL53L0X_timeoutMclksToMicroseconds	24	static
VL53L0X.c:969:10:VL53L0X_timeoutMicrosecondsToMclks	24	static
VL53L0X.c:978:6:VL53L0X_performSingleRefCalibration	16	static
VL53L0X.c:996:6:VL53L0X_startTimeout	16	static
VL53L0X.c:1000:6:VL53L0X_checkTimeoutExpired	16	static
